// Jest Snapshot v1, https://goo.gl/fbAQLP

exports[`<AutocompleteSearch/> Should render correctly 1`] = `
<section
  className="style__Container-sc-bmdzv0-0 hJhEuo"
>
  <div
    className="style__Container-sc-16aipdw-0 dWJwII"
  >
    <label
      htmlFor="country"
    >
      Search country by name
    </label>
    <div
      className="style__InputContainer-sc-16aipdw-1 bWdXEG"
    >
      <div
        style={
          Object {
            "boxSizing": "border-box",
            "display": "inline-block",
            "margin": 0,
            "maxWidth": "100%",
            "overflow": "hidden",
            "position": "relative",
          }
        }
      >
        <div
          style={
            Object {
              "boxSizing": "border-box",
              "display": "block",
              "maxWidth": "100%",
            }
          }
        >
          <img
            alt=""
            aria-hidden={true}
            role="presentation"
            src="data:image/svg+xml;base64,PHN2ZyB3aWR0aD0iMjAiIGhlaWdodD0iMjAiIHhtbG5zPSJodHRwOi8vd3d3LnczLm9yZy8yMDAwL3N2ZyIgdmVyc2lvbj0iMS4xIi8+"
            style={
              Object {
                "border": "none",
                "display": "block",
                "margin": 0,
                "maxWidth": "100%",
                "padding": 0,
              }
            }
          />
        </div>
        <noscript>
          <img
            alt="anyfin"
            decoding="async"
            src="/_next/image?url=%2Ficons%2Fsearch.svg&w=48&q=75"
            srcSet="/_next/image?url=%2Ficons%2Fsearch.svg&w=32&q=75 1x, /_next/image?url=%2Ficons%2Fsearch.svg&w=48&q=75 2x"
            style={
              Object {
                "border": "none",
                "bottom": 0,
                "boxSizing": "border-box",
                "display": "block",
                "height": 0,
                "left": 0,
                "margin": "auto",
                "maxHeight": "100%",
                "maxWidth": "100%",
                "minHeight": "100%",
                "minWidth": "100%",
                "objectFit": undefined,
                "objectPosition": undefined,
                "padding": 0,
                "position": "absolute",
                "right": 0,
                "top": 0,
                "width": 0,
              }
            }
          />
        </noscript>
        <img
          alt="anyfin"
          decoding="async"
          src="data:image/gif;base64,R0lGODlhAQABAIAAAAAAAP///yH5BAEAAAAALAAAAAABAAEAAAIBRAA7"
          style={
            Object {
              "border": "none",
              "bottom": 0,
              "boxSizing": "border-box",
              "display": "block",
              "height": 0,
              "left": 0,
              "margin": "auto",
              "maxHeight": "100%",
              "maxWidth": "100%",
              "minHeight": "100%",
              "minWidth": "100%",
              "objectFit": undefined,
              "objectPosition": undefined,
              "padding": 0,
              "position": "absolute",
              "right": 0,
              "top": 0,
              "width": 0,
            }
          }
        />
      </div>
      <input
        className="style__Input-sc-16aipdw-2 dJIGoW"
        id="country"
        onChange={[Function]}
        placeholder="Search country by name"
        type="text"
      />
    </div>
  </div>
</section>
`;
